// Jest Snapshot v1, https://goo.gl/fbAQLP

exports[`SignInPage renders 1`] = `
<DocumentFragment>
  <div>
    Placeholder Sign-in form
  </div>
</DocumentFragment>
`;
